[1;33m+---------- WAITING ROOM ----------+
[0m| [1;31m[C1]  [0m[1;32m[  ]  [0m[1;32m[  ]  [0m|
[1;33m+-----------------------------------+

[0m[1;33m+---------- WAITING ROOM ----------+
[0m| [1;32m[  ]  [0m[1;32m[  ]  [0m[1;32m[  ]  [0m|
[1;33m+-----------------------------------+

[0m[1;33m+---------- WAITING ROOM ----------+
[0m| [1;31m[C2]  [0m[1;32m[  ]  [0m[1;32m[  ]  [0m|
[1;33m+-----------------------------------+

[0m[1;33m+---------- WAITING ROOM ----------+
[0m| [1;32m[  ]  [0m[1;32m[  ]  [0m[1;32m[  ]  [0m|
[1;33m+-----------------------------------+

[0m[1;33m+---------- WAITING ROOM ----------+
[0m| [1;31m[C3]  [0m[1;32m[  ]  [0m[1;32m[  ]  [0m|
[1;33m+-----------------------------------+

[0m[1;33m+---------- WAITING ROOM ----------+
[0m| [1;32m[  ]  [0m[1;32m[  ]  [0m[1;32m[  ]  [0m|
[1;33m+-----------------------------------+

[0m[1;33m+---------- WAITING ROOM ----------+
[0m| [1;31m[C4]  [0m[1;32m[  ]  [0m[1;32m[  ]  [0m|
[1;33m+-----------------------------------+

[0m[1;33m+---------- WAITING ROOM ----------+
[0m| [1;32m[  ]  [0m[1;32m[  ]  [0m[1;32m[  ]  [0m|
[1;33m+-----------------------------------+

[0m[1;33m+---------- WAITING ROOM ----------+
[0m| [1;31m[C5]  [0m[1;32m[  ]  [0m[1;32m[  ]  [0m|
[1;33m+-----------------------------------+

[0m[1;33m+---------- WAITING ROOM ----------+
[0m| [1;32m[  ]  [0m[1;32m[  ]  [0m[1;32m[  ]  [0m|
[1;33m+-----------------------------------+

[0m[1;33m+---------- WAITING ROOM ----------+
[0m| [1;31m[C6]  [0m[1;32m[  ]  [0m[1;32m[  ]  [0m|
[1;33m+-----------------------------------+

[0m[1;33m+---------- WAITING ROOM ----------+
[0m| [1;32m[  ]  [0m[1;32m[  ]  [0m[1;32m[  ]  [0m|
[1;33m+-----------------------------------+

[0m[1;33m+---------- WAITING ROOM ----------+
[0m| [1;31m[C7]  [0m[1;32m[  ]  [0m[1;32m[  ]  [0m|
[1;33m+-----------------------------------+

[0m[1;33m+---------- WAITING ROOM ----------+
[0m| [1;32m[  ]  [0m[1;32m[  ]  [0m[1;32m[  ]  [0m|
[1;33m+-----------------------------------+

[0m[1;33m[10:11:42] Customer 8 requests the waiting room lock[0m
[1;33m[10:11:42] Customer 8 acquires the waiting room lock and enters[0m
[1;33m+---------- WAITING ROOM ----------+
[0m| [1;31m[C8]  [0m[1;32m[  ]  [0m[1;32m[  ]  [0m|
[1;33m+-----------------------------------+

[0m[1;33m[10:11:42] Customer 8 releases the waiting room lock[0m
[1;33m[10:11:42] Customer 9 requests the waiting room lock[0m
[1;33m[10:11:42] Customer 9 acquires the waiting room lock and enters[0m
[1;33m+---------- WAITING ROOM ----------+
[0m| [1;31m[C8]  [0m[1;31m[C9]  [0m[1;32m[  ]  [0m|
[1;33m+-----------------------------------+

[0m[1;33m[10:11:42] Customer 9 releases the waiting room lock[0m
[1;33m[10:11:42] Customer 8 wins the race and takes the last chair[0m
[1;33m[10:11:42] Customer 9 wins the race and takes the last chair[0m
[1;33m+---------- WAITING ROOM ----------+
[0m| [1;32m[  ]  [0m[1;31m[C9]  [0m[1;32m[  ]  [0m|
[1;33m+-----------------------------------+

[0m[1;33m+---------- WAITING ROOM ----------+
[0m| [1;32m[  ]  [0m[1;32m[  ]  [0m[1;32m[  ]  [0m|
[1;33m+-----------------------------------+

[0m